0.301: [GC 8192K->736K(31424K), 0.0021780 secs]
0.387: [GC 8928K->944K(31424K), 0.0026320 secs]
0.472: [GC 9136K->1200K(31424K), 0.0019810 secs]
0.512: [GC 9392K->1376K(31424K), 0.0026890 secs]
0.546: [GC 9568K->1632K(31424K), 0.0027080 secs]
0.581: [GC 9824K->1936K(30144K), 0.0020000 secs]
0.597: [GC 8848K->2296K(30784K), 0.0016290 secs]
0.610: [GC 9208K->2552K(30848K), 0.0013000 secs]
0.623: [GC 9592K->2880K(30848K), 0.0011880 secs]
0.638: [GC 9920K->3164K(30848K), 0.0015640 secs]
0.659: [GC 10204K->3468K(29248K), 0.0015960 secs]
0.677: [GC 10508K->3676K(30784K), 0.0030120 secs]
0.695: [GC 10588K->3844K(28992K), 0.0007910 secs]
0.710: [GC 10756K->4132K(30720K), 0.0011200 secs]
0.722: [GC 10916K->4332K(30720K), 0.0007460 secs]
0.733: [GC 11116K->4484K(30784K), 0.0006880 secs]
0.749: [GC 11396K->4644K(30784K), 0.0005550 secs]
0.765: [GC 11556K->4836K(30912K), 0.0007030 secs]
0.787: [GC 11940K->5092K(30848K), 0.0005590 secs]
0.812: [GC 12196K->5236K(31040K), 0.0009080 secs]
0.832: [GC 12596K->5356K(30976K), 0.0005450 secs]
0.852: [GC 12716K->5532K(31168K), 0.0007710 secs]
0.875: [GC 13148K->5724K(31104K), 0.0011160 secs]
0.906: [GC 13340K->5948K(31296K), 0.0014720 secs]
0.925: [GC 13820K->6140K(31232K), 0.0008100 secs]
0.950: [GC 14012K->6364K(31424K), 0.0007480 secs]
0.963: [GC 14492K->6732K(31360K), 0.0011780 secs]
0.975: [GC 14860K->7020K(31616K), 0.0013470 secs]
0.996: [GC 15532K->7212K(31552K), 0.0065450 secs]
1.018: [GC 15724K->7412K(31680K), 0.0014040 secs]
1.032: [GC 16052K->7644K(31616K), 0.0007440 secs]
1.044: [GC 16284K->7824K(31808K), 0.0011260 secs]
1.057: [GC 16720K->8056K(31744K), 0.0008120 secs]
1.070: [GC 16952K->8344K(31872K), 0.0017520 secs]
1.084: [GC 17368K->8552K(31808K), 0.0008830 secs]
1.098: [GC 17576K->8824K(31936K), 0.0008880 secs]
1.111: [GC 18040K->9040K(31936K), 0.0009040 secs]
1.124: [GC 18256K->9288K(32064K), 0.0008570 secs]
1.137: [GC 18696K->9496K(32000K), 0.0010620 secs]
1.153: [GC 18904K->9632K(32064K), 0.0009240 secs]
1.173: [GC 19104K->9848K(32064K), 0.0008240 secs]
1.186: [GC 19320K->10312K(32000K), 0.0026150 secs]
1.200: [GC 19784K->10632K(32064K), 0.0011930 secs]
1.213: [GC 20104K->10872K(32128K), 0.0008940 secs]
1.225: [GC 20408K->11120K(32064K), 0.0007000 secs]
1.238: [GC 20656K->11284K(32128K), 0.0008160 secs]
1.250: [GC 20884K->11572K(32128K), 0.0009320 secs]
1.262: [GC 21172K->11804K(32192K), 0.0008300 secs]
1.275: [GC 21532K->11876K(32192K), 0.0008090 secs]
1.288: [GC 21604K->12060K(32192K), 0.0007750 secs]
1.300: [GC 21788K->12204K(32192K), 0.0010270 secs]
1.313: [GC 21932K->12372K(32256K), 0.0008080 secs]
1.327: [GC 22164K->12628K(32192K), 0.0010380 secs]
1.341: [GC 22420K->12788K(32256K), 0.0008270 secs]
1.354: [GC 22644K->12972K(32256K), 0.0007980 secs]
1.368: [GC 22828K->13260K(32256K), 0.0008970 secs]
1.381: [GC 23116K->13500K(32256K), 0.0009950 secs]
1.395: [GC 23356K->13713K(32320K), 0.0008200 secs]
1.408: [GC 23697K->14065K(32320K), 0.0018480 secs]
1.422: [GC 24049K->14449K(32192K), 0.0012130 secs]
1.435: [GC 24305K->14713K(32256K), 0.0010690 secs]
1.448: [GC 24569K->14937K(32256K), 0.0007580 secs]
1.461: [GC 24793K->15153K(32256K), 0.0009290 secs]
1.474: [GC 25009K->15409K(32320K), 0.0009370 secs]
1.487: [GC 25329K->15617K(32256K), 0.0009470 secs]
1.500: [GC 25537K->15849K(32320K), 0.0009480 secs]
1.514: [GC 25833K->16233K(32320K), 0.0030470 secs]
1.530: [GC 26217K->16449K(32320K), 0.0013750 secs]
1.544: [GC 26433K->16569K(32320K), 0.0012200 secs]
1.557: [GC 26553K->16717K(32320K), 0.0007140 secs]
1.648: [GC 26669K->17184K(32320K), 0.0014020 secs]
1.786: [GC 27168K->17349K(31936K), 0.0011950 secs]
1.808: [GC 26949K->17645K(32128K), 0.0018090 secs]
1.823: [GC 27245K->17881K(32192K), 0.0104730 secs]
1.852: [GC 27545K->18225K(32128K), 0.0010130 secs]
1.871: [GC 27889K->18601K(32192K), 0.0011780 secs]
1.890: [GC 28329K->19009K(32064K), 0.0014610 secs]
1.905: [GC 28737K->19406K(32128K), 0.0015050 secs]
1.922: [GC 29006K->19790K(32128K), 0.0030510 secs]
1.941: [GC 29390K->20078K(32128K), 0.0045750 secs]
1.961: [GC 29678K->20398K(32128K), 0.0013010 secs]
1.979: [GC 29998K->20742K(32192K), 0.0015450 secs]
1.992: [GC 30470K->20950K(32192K), 0.0011840 secs]
2.005: [GC 30678K->21158K(32192K), 0.0011680 secs]
2.017: [GC 30886K->21438K(32192K), 0.0010210 secs]
2.031: [GC 31166K->21694K(32192K), 0.0009090 secs]
2.043: [GC 31422K->21918K(32192K), 0.0010000 secs]
2.044: [Full GC 21918K->5677K(32192K), 0.0175190 secs]
2.074: [GC 15405K->5933K(32256K), 0.0005480 secs]
2.088: [GC 15789K->6253K(32256K), 0.0007950 secs]
2.100: [GC 16109K->6477K(32256K), 0.0007390 secs]
2.113: [GC 16333K->6789K(32256K), 0.0007160 secs]
2.125: [GC 16645K->7189K(32128K), 0.0011440 secs]
2.138: [GC 16917K->7445K(32192K), 0.0007150 secs]
2.149: [GC 17173K->7629K(32128K), 0.0006920 secs]
2.162: [GC 17357K->7957K(32192K), 0.0006860 secs]
2.174: [GC 17685K->8089K(32256K), 0.0006880 secs]
2.187: [GC 17945K->8329K(32256K), 0.0006990 secs]
2.199: [GC 18185K->8705K(32256K), 0.0016830 secs]
2.213: [GC 18561K->8937K(32256K), 0.0009160 secs]
2.226: [GC 18793K->9145K(32256K), 0.0007850 secs]
2.238: [GC 19001K->9417K(32256K), 0.0007490 secs]
2.251: [GC 19273K->9625K(32256K), 0.0006690 secs]
2.263: [GC 19481K->9849K(32256K), 0.0008200 secs]
2.277: [GC 19705K->9945K(32192K), 0.0006040 secs]
2.289: [GC 19801K->10417K(32256K), 0.0009000 secs]
2.301: [GC 20273K->10809K(32128K), 0.0010250 secs]
2.314: [GC 20537K->11069K(32192K), 0.0014450 secs]
2.328: [GC 20797K->11285K(32256K), 0.0007940 secs]
2.340: [GC 21077K->11521K(32192K), 0.0007720 secs]
2.356: [GC 21313K->11801K(32256K), 0.0007910 secs]
2.368: [GC 21657K->12057K(32256K), 0.0007960 secs]
2.380: [GC 21913K->12121K(32256K), 0.0007240 secs]
2.392: [GC 21977K->12281K(32256K), 0.0006760 secs]
2.405: [GC 22137K->12473K(32256K), 0.0007320 secs]
2.418: [GC 22329K->12689K(32256K), 0.0007010 secs]
2.431: [GC 22545K->12881K(32320K), 0.0007450 secs]
2.444: [GC 22865K->13065K(32320K), 0.0007050 secs]
2.456: [GC 23049K->13257K(32320K), 0.0007750 secs]
2.470: [GC 23241K->13513K(32320K), 0.0008420 secs]
2.483: [GC 23497K->13713K(32320K), 0.0008170 secs]
2.496: [GC 23697K->14030K(32320K), 0.0017730 secs]
2.510: [GC 24014K->14342K(32320K), 0.0009000 secs]
2.523: [GC 24326K->14734K(32320K), 0.0011400 secs]
2.548: [GC 24718K->14966K(32192K), 0.0010330 secs]
2.561: [GC 24822K->15206K(32256K), 0.0008390 secs]
2.574: [GC 25062K->15430K(32320K), 0.0010160 secs]
2.587: [GC 25414K->15654K(32320K), 0.0009240 secs]
2.600: [GC 25638K->15854K(32320K), 0.0009190 secs]
2.614: [GC 25838K->16110K(32320K), 0.0009860 secs]
2.629: [GC 26094K->16494K(32064K), 0.0029540 secs]
2.643: [GC 26222K->16670K(32192K), 0.0008700 secs]
2.655: [GC 26398K->16822K(32192K), 0.0007200 secs]
2.668: [GC 26550K->16950K(32192K), 0.0006360 secs]
2.720: [GC 26678K->17432K(32064K), 0.0014820 secs]
2.771: [GC 27032K->17446K(32128K), 0.0015010 secs]
2.786: [GC 27046K->17750K(32192K), 0.0013630 secs]
2.800: [GC 27414K->18046K(32128K), 0.0009670 secs]
2.813: [GC 27710K->18402K(32192K), 0.0008490 secs]
2.825: [GC 28130K->18746K(32192K), 0.0011250 secs]
2.838: [GC 28474K->19130K(32192K), 0.0013050 secs]
2.850: [GC 28858K->19554K(32064K), 0.0021040 secs]
2.863: [GC 29282K->19962K(32128K), 0.0010500 secs]
2.876: [GC 29562K->20258K(32128K), 0.0011790 secs]
2.889: [GC 29858K->20546K(32192K), 0.0009420 secs]
2.902: [GC 30210K->20890K(32128K), 0.0013710 secs]
2.915: [GC 30554K->21086K(32192K), 0.0008360 secs]
2.928: [GC 30814K->21286K(32192K), 0.0008760 secs]
2.940: [GC 31014K->21598K(32192K), 0.0009750 secs]
2.953: [GC 31326K->21838K(32192K), 0.0008530 secs]
2.954: [Full GC 21838K->5546K(32192K), 0.0184610 secs]
2.987: [GC 15274K->5738K(32192K), 0.0005780 secs]
3.003: [GC 15466K->6002K(32192K), 0.0010330 secs]
3.018: [GC 15730K->6290K(32256K), 0.0008030 secs]
3.031: [GC 16146K->6450K(32256K), 0.0006930 secs]
3.044: [GC 16306K->6834K(32256K), 0.0008330 secs]
3.057: [GC 16690K->7226K(32256K), 0.0013650 secs]
3.070: [GC 17082K->7442K(32128K), 0.0009730 secs]
3.083: [GC 17170K->7682K(32192K), 0.0006750 secs]
3.095: [GC 17410K->7930K(32256K), 0.0017430 secs]
3.109: [GC 17722K->8143K(32192K), 0.0007070 secs]
3.122: [GC 17935K->8359K(32256K), 0.0008230 secs]
3.136: [GC 18215K->8711K(32256K), 0.0016570 secs]
3.151: [GC 18567K->8967K(32256K), 0.0011010 secs]
3.165: [GC 18823K->9159K(32256K), 0.0007870 secs]
3.178: [GC 19015K->9431K(32256K), 0.0007470 secs]
3.191: [GC 19287K->9623K(32256K), 0.0008100 secs]
3.204: [GC 19479K->9855K(32320K), 0.0006230 secs]
3.218: [GC 19775K->10023K(32256K), 0.0005840 secs]
3.231: [GC 19943K->10415K(32064K), 0.0011090 secs]
3.247: [GC 20143K->10815K(32192K), 0.0009250 secs]
3.260: [GC 20543K->11079K(32192K), 0.0008200 secs]
3.276: [GC 20807K->11303K(32192K), 0.0007880 secs]
3.290: [GC 21031K->11487K(32256K), 0.0007550 secs]
3.306: [GC 21279K->11775K(32192K), 0.0009850 secs]
3.323: [GC 21567K->11975K(32256K), 0.0062290 secs]
3.347: [GC 21831K->12095K(32256K), 0.0010140 secs]
3.361: [GC 21951K->12239K(32256K), 0.0007020 secs]
3.373: [GC 22095K->12431K(32256K), 0.0007300 secs]
3.385: [GC 22287K->12575K(32256K), 0.0005640 secs]
3.398: [GC 22431K->12855K(32256K), 0.0008920 secs]
3.410: [GC 22711K->12999K(32320K), 0.0006840 secs]
3.423: [GC 22919K->13199K(32256K), 0.0006950 secs]
3.436: [GC 23119K->13455K(32320K), 0.0008020 secs]
3.449: [GC 23439K->13695K(32320K), 0.0008090 secs]
3.462: [GC 23679K->14003K(32320K), 0.0018370 secs]
3.476: [GC 23987K->14283K(32256K), 0.0009150 secs]
3.489: [GC 24267K->14715K(32256K), 0.0009270 secs]
3.501: [GC 24571K->14947K(32256K), 0.0007050 secs]
3.514: [GC 24803K->15147K(32256K), 0.0007190 secs]
3.527: [GC 25003K->15363K(32256K), 0.0008220 secs]
3.540: [GC 25219K->15595K(32320K), 0.0008050 secs]
3.557: [GC 25515K->15787K(32256K), 0.0042330 secs]
3.573: [GC 25707K->16003K(32320K), 0.0008850 secs]
3.587: [GC 25987K->16387K(32320K), 0.0028880 secs]
3.601: [GC 26371K->16603K(32320K), 0.0009500 secs]
3.615: [GC 26587K->16771K(32320K), 0.0008200 secs]
3.627: [GC 26755K->16880K(32320K), 0.0007210 secs]
3.672: [GC 26864K->17072K(32320K), 0.0010570 secs]
3.684: [GC 27056K->17352K(32320K), 0.0006880 secs]
3.696: [GC 27336K->17768K(32320K), 0.0009190 secs]
3.709: [GC 27752K->18024K(32192K), 0.0008840 secs]
3.721: [GC 27880K->18352K(32256K), 0.0102020 secs]
3.743: [GC 28208K->18752K(32256K), 0.0009850 secs]
3.755: [GC 28608K->19180K(32192K), 0.0011380 secs]
3.768: [GC 29036K->19620K(32192K), 0.0009350 secs]
3.781: [GC 29348K->20012K(32192K), 0.0010870 secs]
3.794: [GC 29740K->20300K(32192K), 0.0010000 secs]
3.807: [GC 30028K->20532K(32192K), 0.0009900 secs]
3.819: [GC 30260K->20836K(32192K), 0.0013030 secs]
3.832: [GC 30564K->21068K(32192K), 0.0008070 secs]
3.845: [GC 30796K->21324K(32256K), 0.0008510 secs]
3.857: [GC 31116K->21580K(32192K), 0.0008850 secs]
3.870: [GC 31372K->21820K(32256K), 0.0008660 secs]
3.871: [Full GC 21820K->5608K(32256K), 0.0173360 secs]
3.900: [GC 15464K->5896K(32256K), 0.0005280 secs]
3.913: [GC 15752K->6104K(32256K), 0.0007570 secs]
3.926: [GC 15960K->6352K(32256K), 0.0006360 secs]
3.942: [GC 16208K->6584K(32320K), 0.0007620 secs]
3.955: [GC 16504K->6992K(32256K), 0.0012540 secs]
3.971: [GC 16912K->7400K(32128K), 0.0009280 secs]
3.983: [GC 17128K->7648K(32192K), 0.0008240 secs]
3.995: [GC 17376K->7832K(32192K), 0.0006600 secs]
4.007: [GC 17560K->8072K(32192K), 0.0006880 secs]
4.020: [GC 17800K->8312K(32192K), 0.0007750 secs]
4.033: [GC 18040K->8600K(32192K), 0.0019000 secs]
4.047: [GC 18328K->8848K(32256K), 0.0006870 secs]
4.059: [GC 18640K->9056K(32192K), 0.0008270 secs]
4.071: [GC 18848K->9328K(32256K), 0.0007310 secs]
4.083: [GC 19184K->9592K(32256K), 0.0008870 secs]
4.096: [GC 19448K->9776K(32256K), 0.0007680 secs]
4.108: [GC 19632K->9984K(32256K), 0.0006720 secs]
4.121: [GC 19840K->10264K(32256K), 0.0006960 secs]
4.133: [GC 20120K->10664K(32256K), 0.0010580 secs]
4.146: [GC 20520K->11068K(32128K), 0.0008600 secs]
4.158: [GC 20796K->11228K(32192K), 0.0007610 secs]
4.171: [GC 20956K->11404K(32256K), 0.0007560 secs]
4.183: [GC 21260K->11676K(32256K), 0.0007420 secs]
4.195: [GC 21532K->11996K(32256K), 0.0009110 secs]
4.207: [GC 21852K->12132K(32256K), 0.0007030 secs]
4.218: [GC 21988K->12268K(32256K), 0.0006920 secs]
4.230: [GC 22124K->12452K(32256K), 0.0007330 secs]
4.243: [GC 22308K->12612K(32256K), 0.0007080 secs]
4.255: [GC 22468K->12844K(32256K), 0.0007130 secs]
4.268: [GC 22700K->13028K(32320K), 0.0045370 secs]
4.285: [GC 22948K->13196K(32256K), 0.0055190 secs]
4.303: [GC 23116K->13428K(32320K), 0.0007830 secs]
4.318: [GC 23412K->13732K(32320K), 0.0008740 secs]
4.331: [GC 23716K->13860K(32320K), 0.0011120 secs]
4.344: [GC 23844K->14212K(32320K), 0.0016850 secs]
4.360: [GC 24196K->14652K(32192K), 0.0024920 secs]
4.374: [GC 24508K->14972K(32256K), 0.0009850 secs]
4.386: [GC 24828K->15212K(32256K), 0.0008090 secs]
4.399: [GC 25068K->15364K(32256K), 0.0007930 secs]
4.411: [GC 25220K->15668K(32256K), 0.0008180 secs]
4.423: [GC 25524K->15804K(32256K), 0.0008190 secs]
4.436: [GC 25660K->16068K(32320K), 0.0007950 secs]
4.448: [GC 25988K->16260K(32256K), 0.0009030 secs]
4.461: [GC 26180K->16644K(32192K), 0.0033370 secs]
4.475: [GC 26500K->16860K(32256K), 0.0011510 secs]
4.488: [GC 26716K->16969K(32256K), 0.0007450 secs]
4.500: [GC 26825K->17073K(32256K), 0.0006810 secs]
4.544: [GC 26929K->17377K(32256K), 0.0006870 secs]
4.557: [GC 27233K->17673K(32256K), 0.0008570 secs]
4.570: [GC 27529K->17993K(32256K), 0.0008020 secs]
4.582: [GC 27849K->18265K(32256K), 0.0008920 secs]
4.595: [GC 28121K->18705K(32256K), 0.0009520 secs]
4.608: [GC 28561K->19081K(32192K), 0.0014010 secs]
4.621: [GC 28937K->19485K(32192K), 0.0010780 secs]
4.633: [GC 29213K->19973K(32192K), 0.0010460 secs]
4.646: [GC 29701K->20293K(32192K), 0.0011970 secs]
4.659: [GC 30021K->20629K(32192K), 0.0009830 secs]
4.671: [GC 30357K->20877K(32192K), 0.0015180 secs]
4.684: [GC 30605K->21121K(32192K), 0.0008580 secs]
4.696: [GC 30849K->21329K(32192K), 0.0008370 secs]
4.708: [GC 31057K->21617K(32192K), 0.0008510 secs]
4.721: [GC 31345K->21865K(32256K), 0.0010280 secs]
4.722: [Full GC 21865K->4491K(32256K), 0.0187790 secs]
4.755: [GC 14283K->4715K(32192K), 0.0006210 secs]
4.768: [GC 14507K->4971K(32256K), 0.0006080 secs]
4.781: [GC 14827K->5235K(32256K), 0.0007980 secs]
4.794: [GC 15091K->5443K(32256K), 0.0006570 secs]
4.806: [GC 15299K->5715K(32256K), 0.0007560 secs]
4.819: [GC 15571K->6123K(32256K), 0.0013190 secs]
4.831: [GC 15979K->6435K(32256K), 0.0008030 secs]
4.844: [GC 16291K->6675K(32256K), 0.0007510 secs]
4.857: [GC 16531K->6899K(32256K), 0.0006020 secs]
4.868: [GC 16755K->7071K(32256K), 0.0005870 secs]
4.880: [GC 16927K->7375K(32256K), 0.0007250 secs]
4.893: [GC 17231K->7655K(32256K), 0.0017530 secs]
4.907: [GC 17511K->7911K(32256K), 0.0008250 secs]
4.919: [GC 17767K->8159K(32320K), 0.0007970 secs]
4.932: [GC 18143K->8359K(32320K), 0.0007290 secs]
4.945: [GC 18343K->8607K(32320K), 0.0007420 secs]
4.957: [GC 18591K->8807K(32320K), 0.0007360 secs]
4.969: [GC 18791K->8951K(32320K), 0.0006410 secs]
4.988: [GC 18935K->9319K(32320K), 0.0010910 secs]
5.006: [GC 19303K->9799K(32192K), 0.0010390 secs]
5.020: [GC 19655K->10063K(32256K), 0.0009030 secs]
5.032: [GC 19919K->10263K(32256K), 0.0008340 secs]
5.045: [GC 20119K->10495K(32256K), 0.0007930 secs]
5.058: [GC 20351K->10791K(32256K), 0.0008160 secs]
5.071: [GC 20647K->10999K(32256K), 0.0007810 secs]
5.083: [GC 20855K->11159K(32256K), 0.0006880 secs]
5.095: [GC 21015K->11255K(32256K), 0.0007670 secs]
5.107: [GC 21111K->11439K(32256K), 0.0006940 secs]
5.119: [GC 21295K->11655K(32256K), 0.0007310 secs]
5.132: [GC 21511K->11887K(32320K), 0.0008200 secs]
5.145: [GC 21871K->12071K(32320K), 0.0008400 secs]
5.159: [GC 22055K->12255K(32320K), 0.0008020 secs]
5.175: [GC 22239K->12503K(32320K), 0.0008340 secs]
5.188: [GC 22487K->12743K(32320K), 0.0007790 secs]
5.201: [GC 22727K->12979K(32320K), 0.0017330 secs]
5.214: [GC 22963K->13355K(32320K), 0.0007780 secs]
5.227: [GC 23339K->13731K(32320K), 0.0008820 secs]
5.239: [GC 23715K->13979K(32192K), 0.0008760 secs]
5.253: [GC 23835K->14163K(32256K), 0.0009780 secs]
5.266: [GC 24019K->14379K(32320K), 0.0010420 secs]
5.278: [GC 24363K->14611K(32320K), 0.0008240 secs]
5.291: [GC 24595K->14811K(32320K), 0.0008380 secs]
5.304: [GC 24795K->15099K(32320K), 0.0008110 secs]
5.317: [GC 25083K->15451K(32192K), 0.0029240 secs]
5.333: [GC 25307K->15635K(32256K), 0.0011150 secs]
5.345: [GC 25491K->15787K(32320K), 0.0007470 secs]
5.358: [GC 25771K->15907K(32320K), 0.0006700 secs]
5.402: [GC 25891K->16203K(32192K), 0.0006810 secs]
5.414: [GC 26059K->16443K(32256K), 0.0009520 secs]
5.427: [GC 26299K->16827K(32256K), 0.0010620 secs]
5.439: [GC 26683K->17115K(32256K), 0.0010820 secs]
5.451: [GC 26971K->17443K(32128K), 0.0015100 secs]
5.465: [GC 27171K->17763K(32192K), 0.0010840 secs]
5.477: [GC 27491K->18187K(32192K), 0.0012600 secs]
5.489: [GC 27915K->18656K(32192K), 0.0010510 secs]
5.502: [GC 28384K->19072K(32064K), 0.0012030 secs]
5.514: [GC 28672K->19344K(32128K), 0.0010540 secs]
5.527: [GC 28944K->19592K(32192K), 0.0009200 secs]
5.540: [GC 29320K->19920K(32192K), 0.0016070 secs]
5.553: [GC 29648K->20120K(32192K), 0.0012160 secs]
5.569: [GC 29848K->20352K(32192K), 0.0009420 secs]
5.581: [GC 30080K->20680K(32192K), 0.0009260 secs]
5.594: [GC 30408K->20936K(32192K), 0.0009810 secs]
5.607: [GC 30664K->21072K(32256K), 0.0009050 secs]
5.620: [GC 30928K->21344K(32256K), 0.0007390 secs]
5.632: [GC 31200K->21592K(32256K), 0.0009270 secs]
5.646: [GC 31448K->21808K(32256K), 0.0009570 secs]
5.647: [Full GC 21808K->5403K(32256K), 0.0189180 secs]
5.678: [GC 15259K->5819K(32256K), 0.0006990 secs]
5.690: [GC 15675K->6195K(32192K), 0.0012180 secs]
5.703: [GC 16051K->6467K(32256K), 0.0008810 secs]
5.717: [GC 16259K->6635K(32192K), 0.0006850 secs]
5.729: [GC 16427K->6879K(32256K), 0.0006630 secs]
5.741: [GC 16735K->7111K(32256K), 0.0006920 secs]
5.754: [GC 16967K->7447K(32256K), 0.0017700 secs]
5.772: [GC 17303K->7663K(32256K), 0.0009290 secs]
5.786: [GC 17519K->7927K(32256K), 0.0008100 secs]
5.799: [GC 17783K->8175K(32256K), 0.0007770 secs]
5.812: [GC 18031K->8447K(32320K), 0.0008380 secs]
5.825: [GC 18367K->8623K(32256K), 0.0007510 secs]
5.837: [GC 18543K->8823K(32320K), 0.0005150 secs]
5.849: [GC 18807K->9071K(32320K), 0.0008150 secs]
5.862: [GC 19055K->9503K(31936K), 0.0010180 secs]
5.875: [GC 19103K->9835K(32128K), 0.0009500 secs]
5.887: [GC 19435K->10059K(32192K), 0.0006610 secs]
5.899: [GC 19787K->10259K(32192K), 0.0007820 secs]
5.912: [GC 19987K->10499K(32192K), 0.0008090 secs]
5.924: [GC 20227K->10779K(32192K), 0.0008140 secs]
5.935: [GC 20507K->10915K(32192K), 0.0007170 secs]
5.947: [GC 20643K->11043K(32192K), 0.0005190 secs]
5.960: [GC 20771K->11211K(32192K), 0.0008490 secs]
5.973: [GC 20939K->11403K(32192K), 0.0006970 secs]
5.985: [GC 21131K->11611K(32256K), 0.0007000 secs]
5.997: [GC 21467K->11803K(32256K), 0.0007970 secs]
6.010: [GC 21659K->11987K(32256K), 0.0006510 secs]
6.021: [GC 21843K->12187K(32256K), 0.0007440 secs]
6.035: [GC 22043K->12467K(32320K), 0.0008720 secs]
6.048: [GC 22451K->12707K(32320K), 0.0007410 secs]
6.061: [GC 22691K->12963K(32320K), 0.0015210 secs]
6.075: [GC 22947K->13379K(32320K), 0.0009140 secs]
6.087: [GC 23363K->13747K(32064K), 0.0010520 secs]
6.099: [GC 23475K->13931K(32192K), 0.0007700 secs]
6.111: [GC 23659K->14099K(32256K), 0.0009000 secs]
6.125: [GC 23891K->14315K(32192K), 0.0008940 secs]
6.137: [GC 24107K->14555K(32256K), 0.0007980 secs]
6.151: [GC 24411K->14771K(32256K), 0.0013640 secs]
6.165: [GC 24627K->14947K(32320K), 0.0012490 secs]
6.180: [GC 24867K->15363K(32256K), 0.0032080 secs]
6.197: [GC 25283K->15531K(32256K), 0.0009240 secs]
6.208: [GC 25387K->15707K(32256K), 0.0007590 secs]
6.221: [GC 25563K->15771K(32256K), 0.0008660 secs]
6.278: [GC 25627K->16051K(32256K), 0.0020180 secs]
6.299: [GC 25907K->16355K(32256K), 0.0008520 secs]
6.313: [GC 26211K->16707K(32256K), 0.0009630 secs]
6.324: [GC 26563K->16979K(32256K), 0.0102120 secs]
6.351: [GC 26835K->17323K(32256K), 0.0025920 secs]
6.371: [GC 27179K->17755K(32128K), 0.0026760 secs]
6.391: [GC 27483K->18167K(32192K), 0.0022240 secs]
6.407: [GC 27895K->18551K(32064K), 0.0101290 secs]
6.429: [GC 28151K->18967K(32128K), 0.0012690 secs]
6.446: [GC 28567K->19239K(32192K), 0.0018270 secs]
6.460: [GC 28903K->19511K(32128K), 0.0009450 secs]
6.475: [GC 29175K->19815K(32192K), 0.0011970 secs]
6.487: [GC 29543K->20015K(32192K), 0.0007300 secs]
6.499: [GC 29743K->20287K(32256K), 0.0008900 secs]
6.512: [GC 30079K->20567K(32192K), 0.0008600 secs]
6.525: [GC 30359K->20767K(32256K), 0.0008910 secs]
6.538: [GC 30623K->20967K(32256K), 0.0008320 secs]
6.551: [GC 30823K->21167K(32256K), 0.0008150 secs]
6.563: [GC 31023K->21431K(32256K), 0.0009400 secs]
6.576: [GC 31287K->21663K(32256K), 0.0009050 secs]
6.588: [GC 31519K->22111K(32256K), 0.0013170 secs]
6.589: [Full GC 22111K->5833K(32256K), 0.0204670 secs]
6.621: [GC 15689K->6249K(32128K), 0.0006580 secs]
6.633: [GC 15977K->6449K(32192K), 0.0006010 secs]
6.645: [GC 16177K->6633K(32192K), 0.0006650 secs]
6.657: [GC 16361K->6905K(32192K), 0.0006470 secs]
6.670: [GC 16633K->7121K(32256K), 0.0008820 secs]
6.682: [GC 16977K->7425K(32256K), 0.0018140 secs]
6.695: [GC 17281K->7657K(32256K), 0.0007550 secs]
6.708: [GC 17513K->7937K(32256K), 0.0007760 secs]
6.720: [GC 17793K->8145K(32256K), 0.0007360 secs]
6.733: [GC 18001K->8369K(32256K), 0.0008180 secs]
6.745: [GC 18225K->8617K(32256K), 0.0006960 secs]
6.757: [GC 18473K->8793K(32256K), 0.0006530 secs]
6.770: [GC 18649K->9073K(32192K), 0.0007850 secs]
6.782: [GC 18929K->9537K(32256K), 0.0008900 secs]
6.795: [GC 19393K->9837K(32256K), 0.0009400 secs]
6.809: [GC 19693K->10013K(32256K), 0.0007650 secs]
6.822: [GC 19869K->10221K(32256K), 0.0057160 secs]
6.839: [GC 20077K->10461K(32256K), 0.0007830 secs]
6.852: [GC 20317K->10797K(32256K), 0.0016510 secs]
6.865: [GC 20653K->10893K(32256K), 0.0006360 secs]
6.878: [GC 20749K->11045K(32256K), 0.0006620 secs]
6.890: [GC 20901K->11205K(32256K), 0.0007000 secs]
6.902: [GC 21061K->11429K(32256K), 0.0014550 secs]
6.915: [GC 21285K->11565K(32256K), 0.0007070 secs]
6.928: [GC 21421K->11765K(32320K), 0.0008920 secs]
6.941: [GC 21685K->11973K(32256K), 0.0007690 secs]
6.955: [GC 21893K->12181K(32320K), 0.0007060 secs]
6.967: [GC 22165K->12437K(32320K), 0.0007940 secs]
6.981: [GC 22421K->12613K(32320K), 0.0009310 secs]
6.998: [GC 22597K->12970K(32320K), 0.0020600 secs]
7.014: [GC 22954K->13362K(32192K), 0.0009940 secs]
7.027: [GC 23218K->13706K(32256K), 0.0009760 secs]
7.040: [GC 23562K->13874K(32256K), 0.0007950 secs]
7.054: [GC 23730K->14098K(32256K), 0.0007840 secs]
7.066: [GC 23954K->14322K(32256K), 0.0008170 secs]
7.079: [GC 24178K->14530K(32256K), 0.0006780 secs]
7.092: [GC 24386K->14770K(32320K), 0.0010260 secs]
7.106: [GC 24754K->15066K(32320K), 0.0043600 secs]
7.123: [GC 25050K->15354K(32320K), 0.0009340 secs]
7.135: [GC 25338K->15562K(32320K), 0.0013490 secs]
7.148: [GC 25546K->15670K(32320K), 0.0007300 secs]
7.161: [GC 25654K->15814K(32320K), 0.0006830 secs]
7.205: [GC 25798K->16166K(32192K), 0.0007040 secs]
7.217: [GC 26022K->16406K(32256K), 0.0010170 secs]
7.234: [GC 26262K->16726K(32256K), 0.0008570 secs]
7.247: [GC 26582K->17034K(32256K), 0.0008190 secs]
7.261: [GC 26890K->17410K(32256K), 0.0010220 secs]
7.273: [GC 27266K->17858K(32192K), 0.0010880 secs]
7.285: [GC 27714K->18286K(32192K), 0.0008630 secs]
7.298: [GC 28014K->18694K(32192K), 0.0017400 secs]
7.312: [GC 28422K->19006K(32192K), 0.0011070 secs]
7.324: [GC 28734K->19294K(32192K), 0.0008570 secs]
7.337: [GC 29022K->19606K(32192K), 0.0012760 secs]
7.350: [GC 29334K->19878K(32192K), 0.0009330 secs]
7.362: [GC 29606K->20070K(32256K), 0.0009300 secs]
7.375: [GC 29926K->20358K(32256K), 0.0008000 secs]
7.388: [GC 30214K->20614K(32256K), 0.0008320 secs]
7.400: [GC 30470K->20830K(32256K), 0.0008150 secs]
7.412: [GC 30686K->21046K(32256K), 0.0007040 secs]
7.425: [GC 30902K->21318K(32256K), 0.0008700 secs]
7.437: [GC 31174K->21542K(32256K), 0.0008890 secs]
7.450: [GC 31398K->21806K(32256K), 0.0007900 secs]
7.451: [Full GC 21806K->5620K(32256K), 0.0189280 secs]
7.481: [GC 15476K->6060K(32192K), 0.0010240 secs]
7.494: [GC 15916K->6364K(32256K), 0.0007690 secs]
7.506: [GC 16220K->6588K(32256K), 0.0005790 secs]
7.518: [GC 16444K->6804K(32256K), 0.0006900 secs]
7.530: [GC 16660K->7008K(32320K), 0.0006360 secs]
7.542: [GC 16928K->7224K(32256K), 0.0007870 secs]
7.556: [GC 17144K->7600K(32192K), 0.0016220 secs]
7.569: [GC 17456K->7840K(32256K), 0.0008860 secs]
7.582: [GC 17696K->8064K(32320K), 0.0008710 secs]
7.594: [GC 17984K->8264K(32256K), 0.0008060 secs]
7.607: [GC 18184K->8512K(32320K), 0.0007890 secs]
7.619: [GC 18496K->8688K(32320K), 0.0008210 secs]
7.635: [GC 18672K->8896K(32320K), 0.0007260 secs]
7.647: [GC 18880K->9304K(32320K), 0.0009690 secs]
7.660: [GC 19288K->9696K(32064K), 0.0010230 secs]
7.672: [GC 19424K->9972K(32192K), 0.0009070 secs]
7.684: [GC 19700K->10156K(32192K), 0.0009170 secs]
7.696: [GC 19884K->10396K(32192K), 0.0008020 secs]
7.709: [GC 20124K->10700K(32256K), 0.0007230 secs]
7.721: [GC 20492K->10892K(32192K), 0.0008430 secs]
7.733: [GC 20684K->11004K(32256K), 0.0006640 secs]
7.745: [GC 20860K->11188K(32256K), 0.0006300 secs]
7.757: [GC 21044K->11388K(32256K), 0.0007100 secs]
7.769: [GC 21244K->11564K(32256K), 0.0007630 secs]
7.782: [GC 21420K->11740K(32320K), 0.0008370 secs]
7.794: [GC 21660K->11948K(32256K), 0.0007990 secs]
7.808: [GC 21868K->12116K(32320K), 0.0006590 secs]
7.821: [GC 22100K->12348K(32320K), 0.0007760 secs]
7.833: [GC 22332K->12612K(32320K), 0.0012240 secs]
7.847: [GC 22596K->12889K(32320K), 0.0017260 secs]
7.860: [GC 22873K->13241K(32320K), 0.0008920 secs]
7.873: [GC 23225K->13641K(32320K), 0.0010250 secs]
7.885: [GC 23625K->13881K(32192K), 0.0009300 secs]
7.897: [GC 23737K->14049K(32256K), 0.0006910 secs]
7.909: [GC 23905K->14273K(32256K), 0.0008810 secs]
7.921: [GC 24129K->14505K(32256K), 0.0008930 secs]
7.934: [GC 24361K->14745K(32320K), 0.0009050 secs]
7.947: [GC 24729K->14961K(32320K), 0.0008180 secs]
7.960: [GC 24945K->15313K(32320K), 0.0028670 secs]
7.974: [GC 25297K->15561K(32320K), 0.0009100 secs]
7.986: [GC 25545K->15665K(32320K), 0.0006560 secs]
7.998: [GC 25649K->15805K(32320K), 0.0007380 secs]
8.044: [GC 25789K->16029K(32320K), 0.0006700 secs]
8.062: [GC 26013K->16309K(32320K), 0.0010900 secs]
8.077: [GC 26293K->16693K(32192K), 0.0010200 secs]
8.091: [GC 26549K->16981K(32256K), 0.0013070 secs]
8.110: [GC 26837K->17317K(32256K), 0.0010710 secs]
8.122: [GC 27173K->17717K(32256K), 0.0010440 secs]
8.135: [GC 27573K->18133K(32128K), 0.0010730 secs]
8.147: [GC 27861K->18541K(32192K), 0.0010320 secs]
8.160: [GC 28269K->18933K(32192K), 0.0012050 secs]
8.172: [GC 28661K->19245K(32192K), 0.0009070 secs]
8.185: [GC 28973K->19509K(32192K), 0.0008650 secs]
8.197: [GC 29237K->19781K(32192K), 0.0012890 secs]
8.209: [GC 29509K->19989K(32256K), 0.0008050 secs]
8.222: [GC 29845K->20261K(32256K), 0.0008480 secs]
8.234: [GC 30117K->20549K(32256K), 0.0008670 secs]
8.247: [GC 30405K->20733K(32256K), 0.0009600 secs]
8.259: [GC 30589K->20965K(32256K), 0.0007290 secs]
8.272: [GC 30821K->21205K(32256K), 0.0008760 secs]
8.284: [GC 31061K->21461K(32320K), 0.0009430 secs]
8.297: [GC 31381K->21685K(32256K), 0.0009830 secs]
8.311: [GC 31605K->22101K(32064K), 0.0016200 secs]
8.312: [Full GC 22101K->5844K(32064K), 0.0195310 secs]
8.343: [GC 15572K->6228K(32192K), 0.0006530 secs]
8.355: [GC 15956K->6460K(32192K), 0.0007240 secs]
8.367: [GC 16188K->6628K(32192K), 0.0005390 secs]
8.379: [GC 16356K->6932K(32192K), 0.0009860 secs]
8.391: [GC 16660K->7108K(32192K), 0.0007380 secs]
8.403: [GC 16836K->7444K(32192K), 0.0016820 secs]
8.416: [GC 17172K->7612K(32192K), 0.0012370 secs]
8.432: [GC 17340K->7884K(32256K), 0.0009530 secs]
8.445: [GC 17676K->8116K(32192K), 0.0008440 secs]
8.457: [GC 17908K->8364K(32256K), 0.0008150 secs]
8.470: [GC 18220K->8580K(32256K), 0.0006160 secs]
8.481: [GC 18436K->8756K(32256K), 0.0006540 secs]
8.493: [GC 18612K->9044K(32256K), 0.0007870 secs]
8.506: [GC 18900K->9508K(31872K), 0.0011120 secs]
8.518: [GC 18980K->9808K(32064K), 0.0009480 secs]
8.531: [GC 19280K->10000K(32128K), 0.0007760 secs]
8.543: [GC 19600K->10168K(32128K), 0.0005530 secs]
8.556: [GC 19768K->10448K(32128K), 0.0006270 secs]
8.567: [GC 20048K->10696K(32128K), 0.0009430 secs]
8.579: [GC 20296K->10904K(32192K), 0.0007470 secs]
8.591: [GC 20632K->10992K(32192K), 0.0006580 secs]
8.603: [GC 20720K->11224K(32192K), 0.0006660 secs]
8.615: [GC 20952K->11384K(32192K), 0.0005960 secs]
8.628: [GC 21112K->11560K(32256K), 0.0006830 secs]
8.640: [GC 21352K->11752K(32192K), 0.0009100 secs]
8.653: [GC 21544K->11976K(32256K), 0.0007320 secs]
8.665: [GC 21832K->12152K(32256K), 0.0007020 secs]
8.679: [GC 22008K->12400K(32320K), 0.0008540 secs]
8.691: [GC 22320K->12664K(32256K), 0.0007420 secs]
8.704: [GC 22584K->12912K(32320K), 0.0017990 secs]
8.718: [GC 22896K->13320K(32320K), 0.0009240 secs]
8.731: [GC 23304K->13664K(32064K), 0.0009940 secs]
8.744: [GC 23392K->13888K(32192K), 0.0007200 secs]
8.756: [GC 23616K->14040K(32256K), 0.0006840 secs]
8.769: [GC 23896K->14256K(32256K), 0.0007750 secs]
8.780: [GC 24112K->14488K(32256K), 0.0007920 secs]
8.793: [GC 24344K->14712K(32256K), 0.0007670 secs]
8.806: [GC 24568K->14928K(32320K), 0.0008060 secs]
8.819: [GC 24848K->15312K(32256K), 0.0031360 secs]
8.837: [GC 25232K->15512K(32256K), 0.0010400 secs]
8.849: [GC 25368K->15624K(32256K), 0.0006060 secs]
8.862: [GC 25480K->15717K(32256K), 0.0007390 secs]
8.907: [GC 25573K->16005K(32256K), 0.0008310 secs]
8.920: [GC 25861K->16301K(32256K), 0.0009270 secs]
8.933: [GC 26157K->16685K(32256K), 0.0009360 secs]
8.945: [GC 26541K->16965K(32128K), 0.0009800 secs]
8.958: [GC 26693K->17277K(32192K), 0.0010320 secs]
8.974: [GC 27005K->17677K(32128K), 0.0013120 secs]
8.989: [GC 27405K->18065K(32192K), 0.0015530 secs]
9.003: [GC 27793K->18529K(32064K), 0.0014050 secs]
9.017: [GC 28129K->18921K(32128K), 0.0011750 secs]
9.029: [GC 28521K->19177K(32192K), 0.0010160 secs]
9.042: [GC 28841K->19441K(32128K), 0.0008930 secs]
9.054: [GC 29105K->19713K(32192K), 0.0012780 secs]
9.067: [GC 29441K->19977K(32192K), 0.0008420 secs]
9.079: [GC 29705K->20289K(32192K), 0.0008990 secs]
9.090: [GC 30017K->20497K(32192K), 0.0009100 secs]
9.103: [GC 30225K->20745K(32256K), 0.0008120 secs]
9.115: [GC 30537K->20961K(32192K), 0.0008310 secs]
9.127: [GC 30753K->21177K(32256K), 0.0007570 secs]
9.139: [GC 31033K->21409K(32256K), 0.0009630 secs]
9.153: [GC 31265K->21673K(32256K), 0.0011570 secs]
9.166: [GC 31529K->22097K(32256K), 0.0014350 secs]
9.167: [Full GC 22097K->5818K(32256K), 0.0194810 secs]
9.200: [GC 15674K->6170K(32256K), 0.0007830 secs]
9.212: [GC 16026K->6442K(32256K), 0.0007610 secs]
9.225: [GC 16298K->6610K(32256K), 0.0006820 secs]
9.240: [GC 16466K->6890K(32256K), 0.0007560 secs]
9.253: [GC 16746K->7066K(32256K), 0.0006850 secs]
9.265: [GC 16922K->7458K(32256K), 0.0017130 secs]
9.278: [GC 17314K->7650K(32256K), 0.0007770 secs]
9.290: [GC 17506K->7906K(32256K), 0.0010030 secs]
9.302: [GC 17762K->8154K(32256K), 0.0008340 secs]
9.316: [GC 18010K->8402K(32256K), 0.0008280 secs]
9.328: [GC 18258K->8618K(32320K), 0.0007710 secs]
9.340: [GC 18602K->8794K(32320K), 0.0007000 secs]
9.353: [GC 18778K->9082K(32320K), 0.0010420 secs]
9.366: [GC 19066K->9498K(32320K), 0.0009430 secs]
9.378: [GC 19482K->9838K(31936K), 0.0010010 secs]
9.390: [GC 19438K->10046K(32128K), 0.0008340 secs]
9.401: [GC 19646K->10254K(32192K), 0.0007660 secs]
9.414: [GC 19918K->10486K(32128K), 0.0007320 secs]
9.426: [GC 20150K->10830K(32192K), 0.0010090 secs]
9.438: [GC 20558K->10926K(32192K), 0.0007590 secs]
9.450: [GC 20654K->11046K(32192K), 0.0006820 secs]
9.462: [GC 20774K->11262K(32192K), 0.0009030 secs]
9.474: [GC 20990K->11422K(32192K), 0.0007330 secs]
9.486: [GC 21150K->11614K(32192K), 0.0006030 secs]
9.498: [GC 21342K->11798K(32256K), 0.0007960 secs]
9.510: [GC 21654K->11998K(32256K), 0.0008010 secs]
9.523: [GC 21854K->12222K(32256K), 0.0008010 secs]
9.536: [GC 22078K->12454K(32256K), 0.0008600 secs]
9.549: [GC 22310K->12718K(32320K), 0.0009490 secs]
9.563: [GC 22702K->12982K(32320K), 0.0020340 secs]
9.576: [GC 22966K->13358K(32192K), 0.0008390 secs]
9.591: [GC 23214K->13742K(32256K), 0.0011830 secs]
9.603: [GC 23598K->13942K(32256K), 0.0008610 secs]
9.616: [GC 23798K->14102K(32256K), 0.0008820 secs]
9.628: [GC 23958K->14326K(32256K), 0.0010470 secs]
9.643: [GC 24182K->14534K(32256K), 0.0007130 secs]
9.656: [GC 24390K->14782K(32256K), 0.0007630 secs]
9.668: [GC 24638K->15006K(32256K), 0.0008280 secs]
9.681: [GC 24862K->15374K(32192K), 0.0029780 secs]
9.697: [GC 25230K->15598K(32256K), 0.0009930 secs]
9.709: [GC 25454K->15758K(32320K), 0.0006670 secs]
9.721: [GC 25678K->15803K(32256K), 0.0006030 secs]
